###############################################################################
#
# IAR ELF Linker V7.30.4.8167/W32 for ARM                 07/May/2015  20:33:58
# Copyright 2007-2014 IAR Systems AB.
#
#    Output file  =  E:\GitHub\PointRace\build\SmartCar\Debug\Exe\SmartCar.out
#    Map file     =  E:\GitHub\PointRace\build\SmartCar\Debug\List\SmartCar.map
#    Command line =  
#        E:\GitHub\PointRace\build\SmartCar\Debug\Obj\adc.o
#        E:\GitHub\PointRace\build\SmartCar\Debug\Obj\alloc.o
#        E:\GitHub\PointRace\build\SmartCar\Debug\Obj\arm_cm4.o
#        E:\GitHub\PointRace\build\SmartCar\Debug\Obj\assert.o
#        E:\GitHub\PointRace\build\SmartCar\Debug\Obj\crt0.o
#        E:\GitHub\PointRace\build\SmartCar\Debug\Obj\dma.o
#        E:\GitHub\PointRace\build\SmartCar\Debug\Obj\exti.o
#        E:\GitHub\PointRace\build\SmartCar\Debug\Obj\FTM.o
#        E:\GitHub\PointRace\build\SmartCar\Debug\Obj\FuzzyCtrl.o
#        E:\GitHub\PointRace\build\SmartCar\Debug\Obj\GlobalVars.o
#        E:\GitHub\PointRace\build\SmartCar\Debug\Obj\gpio.o
#        E:\GitHub\PointRace\build\SmartCar\Debug\Obj\InitAll.o
#        E:\GitHub\PointRace\build\SmartCar\Debug\Obj\io.o
#        E:\GitHub\PointRace\build\SmartCar\Debug\Obj\isr.o
#        E:\GitHub\PointRace\build\SmartCar\Debug\Obj\lptmr.o
#        E:\GitHub\PointRace\build\SmartCar\Debug\Obj\main.o
#        E:\GitHub\PointRace\build\SmartCar\Debug\Obj\mcg.o
#        E:\GitHub\PointRace\build\SmartCar\Debug\Obj\memtest.o
#        E:\GitHub\PointRace\build\SmartCar\Debug\Obj\Misc.o
#        E:\GitHub\PointRace\build\SmartCar\Debug\Obj\OLED.o
#        E:\GitHub\PointRace\build\SmartCar\Debug\Obj\PIT.o
#        E:\GitHub\PointRace\build\SmartCar\Debug\Obj\printf.o
#        E:\GitHub\PointRace\build\SmartCar\Debug\Obj\queue.o
#        E:\GitHub\PointRace\build\SmartCar\Debug\Obj\Sensor.o
#        E:\GitHub\PointRace\build\SmartCar\Debug\Obj\start.o
#        E:\GitHub\PointRace\build\SmartCar\Debug\Obj\startup.o
#        E:\GitHub\PointRace\build\SmartCar\Debug\Obj\stdlib.o
#        E:\GitHub\PointRace\build\SmartCar\Debug\Obj\sysinit.o
#        E:\GitHub\PointRace\build\SmartCar\Debug\Obj\uart.o
#        E:\GitHub\PointRace\build\SmartCar\Debug\Obj\uif.o
#        E:\GitHub\PointRace\build\SmartCar\Debug\Obj\vectors.o
#        E:\GitHub\PointRace\build\SmartCar\Debug\Obj\wdog.o -o
#        E:\GitHub\PointRace\build\SmartCar\Debug\Exe\SmartCar.out --map
#        E:\GitHub\PointRace\build\SmartCar\Debug\List\SmartCar.map --config
#        "E:\Study\Freescale\My\PointRace\project\Version2\build\config
#        files\Pflash.icf" --semihosting --entry __iar_program_start --vfe
#
###############################################################################

*******************************************************************************
*** RUNTIME MODEL ATTRIBUTES
***

CppFlavor       = *
__SystemLibrary = DLib


*******************************************************************************
*** PLACEMENT SUMMARY
***

"A1":  place at 0x00000000 { ro section .intvec };
"A2":  place at 0x00000410 { ro section .noinit };
"P1":  place in [from 0x00000000 to 0x00080000] { ro, block CodeRelocate };
"P2":  place in [from 0x1fff0410 to 0x20010000] {
          rw, block CodeRelocateRam, block CSTACK, block HEAP };

  Section              Kind        Address    Size  Object
  -------              ----        -------    ----  ------
"A1":                                        0x410
  .intvec              const    0x00000000   0x410  vectors.o [1]
                              - 0x00000410   0x410

"A2":                                         0x3c
  .noinit              ro code  0x00000410    0x3c  crt0.o [1]
                              - 0x0000044c    0x3c

"P1":                                       0x4ee8
  .text                ro code  0x0000044c   0xc7c  Sensor.o [1]
  .text                ro code  0x000010c8   0x3b6  adc.o [1]
  .text                ro code  0x0000147e    0x22  zero_init3.o [4]
  .text                ro code  0x000014a0   0x7ea  Misc.o [1]
  .text                ro code  0x00001c8a     0x2  assert.o [1]
  .text                ro code  0x00001c8c   0x264  uart.o [1]
  .text                ro code  0x00001ef0   0x51c  OLED.o [1]
  .text                ro code  0x0000240c   0x144  gpio.o [1]
  .rodata              const    0x00002550   0x5f0  OLED.o [1]
  .data_init                    0x00002b40   0x56c  <Block>
    Initializer bytes  const    0x00002b40   0x56c  <for .data-1>
  .text                ro code  0x000030ac   0x564  printf.o [1]
  .text                ro code  0x00003610    0x20  stdlib.o [1]
  .rodata              const    0x00003630   0x40c  OLED.o [1]
  .text                ro code  0x00003a3c   0x3e8  FTM.o [1]
  Veneer               ro code  0x00003e24     0x8  - Linker created -
  .text                ro code  0x00003e2c   0x2f4  mcg.o [1]
  .text                ro code  0x00004120   0x2c8  FuzzyCtrl.o [1]
  .rodata              const    0x000043e8   0x228  OLED.o [1]
  .text                ro code  0x00004610   0x222  InitAll.o [1]
  .text                ro code  0x00004834   0x1d4  GlobalVars.o [1]
  .text                ro code  0x00004a08    0x70  PIT.o [1]
  .text                ro code  0x00004a78    0xf0  arm_cm4.o [1]
  .text                ro code  0x00004b68    0x44  lptmr.o [1]
  .text                ro code  0x00004bac    0xd0  exti.o [1]
  .text                ro code  0x00004c7c   0x1ca  isr.o [1]
  .text                ro code  0x00004e48    0xc0  startup.o [1]
  .text                ro code  0x00004f08    0x5c  sysinit.o [1]
  .text                ro code  0x00004f64    0x54  main.o [1]
  CodeRelocate                  0x00004fb8    0x50  <Block>
    Initializer bytes  const    0x00004fb8    0x50  <for CodeRelocateRam-1>
  .rodata              const    0x00005008    0x4c  OLED.o [1]
  .rodata              const    0x00005054    0x40  arm_cm4.o [1]
  .rodata              const    0x00005094    0x3c  arm_cm4.o [1]
  .rodata              const    0x000050d0    0x38  arm_cm4.o [1]
  .text                ro code  0x00005108    0x38  wdog.o [1]
  .rodata              const    0x00005140    0x30  vectors.o [1]
  .rodata              const    0x00005170    0x2c  adc.o [1]
  .rodata              const    0x0000519c    0x2c  FTM.o [1]
  .rodata              const    0x000051c8    0x2c  gpio.o [1]
  .text                ro code  0x000051f4    0x28  data_init.o [4]
  .iar.init_table      const    0x0000521c    0x10  - Linker created -
  .text                ro code  0x0000522c    0x1c  vectors.o [1]
  .text                ro code  0x00005248    0x1a  cmain.o [4]
  .text                ro code  0x00005262     0x4  low_level_init.o [3]
  .text                ro code  0x00005266     0x4  exit.o [3]
  .text                ro code  0x0000526c     0xa  cexit.o [4]
  .text                ro code  0x00005278    0x14  exit.o [5]
  .rodata              const    0x0000528c    0x14  InitAll.o [1]
  .text                ro code  0x000052a0    0x14  start.o [1]
  .rodata              const    0x000052b4    0x10  InitAll.o [1]
  .text                ro code  0x000052c4    0x10  io.o [1]
  .rodata              const    0x000052d4     0xc  InitAll.o [1]
  .rodata              const    0x000052e0     0xc  InitAll.o [1]
  .rodata              const    0x000052ec     0xc  Misc.o [1]
  .rodata              const    0x000052f8     0xc  Misc.o [1]
  .rodata              const    0x00005304     0xc  Misc.o [1]
  .text                ro code  0x00005310     0xc  cstartup_M.o [4]
  .rodata              const    0x0000531c     0x8  Misc.o [1]
  .rodata              const    0x00005324     0x8  Misc.o [1]
  .rodata              const    0x0000532c     0x8  Misc.o [1]
  .rodata              const    0x00005334     0x0  zero_init3.o [4]
                              - 0x00005334  0x4ee8

"P2":                                        0xadc
  .data                         0x1fff0410   0x56c  <Block>
    .data-1                     0x1fff0410   0x56c  <Init block>
      .data            inited   0x1fff0410     0x8  adc.o [1]
      .data            inited   0x1fff0418     0xc  FTM.o [1]
      .data            inited   0x1fff0424    0x1c  FuzzyCtrl.o [1]
      .data            inited   0x1fff0440    0x1c  FuzzyCtrl.o [1]
      .data            inited   0x1fff045c    0x14  gpio.o [1]
      .data            inited   0x1fff0470    0x14  gpio.o [1]
      .data            inited   0x1fff0484     0x8  mcg.o [1]
      .data            inited   0x1fff048c    0x64  Misc.o [1]
      .data            inited   0x1fff04f0    0x64  Misc.o [1]
      .data            inited   0x1fff0554    0x64  Misc.o [1]
      .data            inited   0x1fff05b8    0x64  Misc.o [1]
      .data            inited   0x1fff061c    0x64  Misc.o [1]
      .data            inited   0x1fff0680    0x64  Misc.o [1]
      .data            inited   0x1fff06e4    0x64  Misc.o [1]
      .data            inited   0x1fff0748    0x64  Misc.o [1]
      .data            inited   0x1fff07ac    0x64  Misc.o [1]
      .data            inited   0x1fff0810    0x64  Misc.o [1]
      .data            inited   0x1fff0874    0x64  Misc.o [1]
      .data            inited   0x1fff08d8    0x64  Misc.o [1]
      .data            inited   0x1fff093c    0x18  Sensor.o [1]
      .data            inited   0x1fff0954     0x2  Sensor.o [1]
      .data            inited   0x1fff0956     0x2  Sensor.o [1]
      .data            inited   0x1fff0958     0x2  Sensor.o [1]
      .data            inited   0x1fff095a     0x2  Sensor.o [1]
      .data            inited   0x1fff095c     0x2  Sensor.o [1]
      .data            inited   0x1fff095e     0x2  Sensor.o [1]
      .data            inited   0x1fff0960     0x2  Sensor.o [1]
      .data            inited   0x1fff0964    0x18  uart.o [1]
  CodeRelocateRam               0x1fff097c    0x50  <Block>
    CodeRelocateRam-1           0x1fff097c    0x50  <Init block>
      .textrw          inited   0x1fff097c    0x50  mcg.o [1]
  .bss                          0x1fff09cc   0x520  <Block>
    .bss               zero     0x1fff09cc    0x10  adc.o [1]
    .bss               zero     0x1fff09dc    0x1c  FuzzyCtrl.o [1]
    .bss               zero     0x1fff09f8    0x1c  FuzzyCtrl.o [1]
    .bss               zero     0x1fff0a14     0x4  FuzzyCtrl.o [1]
    .bss               zero     0x1fff0a18     0x4  FuzzyCtrl.o [1]
    .bss               zero     0x1fff0a1c     0x4  FuzzyCtrl.o [1]
    .bss               zero     0x1fff0a20     0x4  FuzzyCtrl.o [1]
    .bss               zero     0x1fff0a24    0x18  GlobalVars.o [1]
    .bss               zero     0x1fff0a3c     0x4  GlobalVars.o [1]
    .bss               zero     0x1fff0a40    0x64  GlobalVars.o [1]
    .bss               zero     0x1fff0aa4    0x64  GlobalVars.o [1]
    .bss               zero     0x1fff0b08    0x64  GlobalVars.o [1]
    .bss               zero     0x1fff0b6c    0x64  GlobalVars.o [1]
    .bss               zero     0x1fff0bd0    0x78  GlobalVars.o [1]
    .bss               zero     0x1fff0c48     0x4  GlobalVars.o [1]
    .bss               zero     0x1fff0c4c    0x10  GlobalVars.o [1]
    .bss               zero     0x1fff0c5c    0x10  GlobalVars.o [1]
    .bss               zero     0x1fff0c6c    0x10  GlobalVars.o [1]
    .bss               zero     0x1fff0c7c    0x10  GlobalVars.o [1]
    .bss               zero     0x1fff0c8c     0x8  GlobalVars.o [1]
    .bss               zero     0x1fff0c94     0x4  GlobalVars.o [1]
    .bss               zero     0x1fff0c98     0x4  GlobalVars.o [1]
    .bss               zero     0x1fff0c9c     0x4  GlobalVars.o [1]
    .bss               zero     0x1fff0ca0     0x4  GlobalVars.o [1]
    .bss               zero     0x1fff0ca4     0x4  GlobalVars.o [1]
    .bss               zero     0x1fff0ca8     0x4  GlobalVars.o [1]
    .bss               zero     0x1fff0cac     0x4  GlobalVars.o [1]
    .bss               zero     0x1fff0cb0     0x4  GlobalVars.o [1]
    .bss               zero     0x1fff0cb4     0x4  GlobalVars.o [1]
    .bss               zero     0x1fff0cb8    0x28  GlobalVars.o [1]
    .bss               zero     0x1fff0ce0    0x64  Misc.o [1]
    .bss               zero     0x1fff0d44    0x64  Misc.o [1]
    .bss               zero     0x1fff0da8    0x64  Misc.o [1]
    .bss               zero     0x1fff0e0c    0x64  Misc.o [1]
    .bss               zero     0x1fff0e70     0x8  Misc.o [1]
    .bss               zero     0x1fff0e78     0x4  sysinit.o [1]
    .bss               zero     0x1fff0e7c     0x4  sysinit.o [1]
    .bss               zero     0x1fff0e80     0x4  sysinit.o [1]
    .bss               zero     0x1fff0e84     0x2  GlobalVars.o [1]
    .bss               zero     0x1fff0e86     0x2  GlobalVars.o [1]
    .bss               zero     0x1fff0e88     0x2  GlobalVars.o [1]
    .bss               zero     0x1fff0e8a     0x2  GlobalVars.o [1]
    .bss               zero     0x1fff0e8c     0x2  GlobalVars.o [1]
    .bss               zero     0x1fff0e8e     0x2  GlobalVars.o [1]
    .bss               zero     0x1fff0e90     0x2  GlobalVars.o [1]
    .bss               zero     0x1fff0e92     0x2  GlobalVars.o [1]
    .bss               zero     0x1fff0e94     0x2  GlobalVars.o [1]
    .bss               zero     0x1fff0e96     0x2  GlobalVars.o [1]
    .bss               zero     0x1fff0e98     0x2  GlobalVars.o [1]
    .bss               zero     0x1fff0e9a     0x2  GlobalVars.o [1]
    .bss               zero     0x1fff0e9c     0x2  GlobalVars.o [1]
    .bss               zero     0x1fff0e9e     0x2  GlobalVars.o [1]
    .bss               zero     0x1fff0ea0     0x2  GlobalVars.o [1]
    .bss               zero     0x1fff0ea2     0x2  GlobalVars.o [1]
    .bss               zero     0x1fff0ea4     0x2  GlobalVars.o [1]
    .bss               zero     0x1fff0ea6     0x2  GlobalVars.o [1]
    .bss               zero     0x1fff0ea8     0x2  GlobalVars.o [1]
    .bss               zero     0x1fff0eaa     0x2  GlobalVars.o [1]
    .bss               zero     0x1fff0eac     0x2  GlobalVars.o [1]
    .bss               zero     0x1fff0eae     0x2  GlobalVars.o [1]
    .bss               zero     0x1fff0eb0     0x2  GlobalVars.o [1]
    .bss               zero     0x1fff0eb2     0x2  GlobalVars.o [1]
    .bss               zero     0x1fff0eb4     0x2  GlobalVars.o [1]
    .bss               zero     0x1fff0eb6     0x2  GlobalVars.o [1]
    .bss               zero     0x1fff0eb8     0x2  GlobalVars.o [1]
    .bss               zero     0x1fff0eba     0x2  GlobalVars.o [1]
    .bss               zero     0x1fff0ebc     0x2  GlobalVars.o [1]
    .bss               zero     0x1fff0ebe     0x2  GlobalVars.o [1]
    .bss               zero     0x1fff0ec0     0x2  GlobalVars.o [1]
    .bss               zero     0x1fff0ec2     0x2  GlobalVars.o [1]
    .bss               zero     0x1fff0ec4     0x2  GlobalVars.o [1]
    .bss               zero     0x1fff0ec6     0x2  GlobalVars.o [1]
    .bss               zero     0x1fff0ec8     0x2  GlobalVars.o [1]
    .bss               zero     0x1fff0eca     0x2  GlobalVars.o [1]
    .bss               zero     0x1fff0ecc     0x2  GlobalVars.o [1]
    .bss               zero     0x1fff0ece     0x2  GlobalVars.o [1]
    .bss               zero     0x1fff0ed0     0x2  GlobalVars.o [1]
    .bss               zero     0x1fff0ed2     0x2  GlobalVars.o [1]
    .bss               zero     0x1fff0ed4     0x2  GlobalVars.o [1]
    .bss               zero     0x1fff0ed6     0x2  GlobalVars.o [1]
    .bss               zero     0x1fff0ed8     0x2  GlobalVars.o [1]
    .bss               zero     0x1fff0eda     0x2  GlobalVars.o [1]
    .bss               zero     0x1fff0edc     0x2  GlobalVars.o [1]
    .bss               zero     0x1fff0ede     0x2  GlobalVars.o [1]
    .bss               zero     0x1fff0ee0     0x2  GlobalVars.o [1]
    .bss               zero     0x1fff0ee2     0x2  GlobalVars.o [1]
    .bss               zero     0x1fff0ee4     0x2  GlobalVars.o [1]
    .bss               zero     0x1fff0ee6     0x1  GlobalVars.o [1]
    .bss               zero     0x1fff0ee7     0x1  GlobalVars.o [1]
    .bss               zero     0x1fff0ee8     0x1  isr.o [1]
                              - 0x1fff0eec   0xadc


*******************************************************************************
*** INIT TABLE
***

          Address     Size
          -------     ----
Zero (__iar_zero_init3)
    1 destination range, total size 0x51d:
          0x1fff09cc  0x51d



*******************************************************************************
*** MODULE SUMMARY
***

    Module            ro code  rw code  ro data  rw data
    ------            -------  -------  -------  -------
E:\GitHub\PointRace\build\SmartCar\Debug\Obj: [1]
    FTM.o               1 000                56       12
    FuzzyCtrl.o           712                56      128
    GlobalVars.o          468                        800
    InitAll.o             546                60
    Misc.o              2 026             1 260    1 608
    OLED.o              1 308             3 184
    PIT.o                 112
    Sensor.o            3 196                38       38
    adc.o                 950                52       24
    arm_cm4.o             240               180
    assert.o                2
    crt0.o                 60
    exti.o                208
    gpio.o                324                84       40
    io.o                   16
    isr.o                 458                          1
    lptmr.o                68
    main.o                 84
    mcg.o                 756       80       88        8
    printf.o            1 380
    start.o                20
    startup.o             192
    stdlib.o               32
    sysinit.o              92                         12
    uart.o                612                26       24
    vectors.o              28             1 088
    wdog.o                 56
    ----------------------------------------------------
    Total:             14 946       80    6 172    2 695

command line: [2]
    ----------------------------------------------------
    Total:

dl7M_tln.a: [3]
    exit.o                  4
    low_level_init.o        4
    ----------------------------------------------------
    Total:                  8

rt7M_tl.a: [4]
    cexit.o                10
    cmain.o                26
    cstartup_M.o           12
    data_init.o            40
    zero_init3.o           34
    ----------------------------------------------------
    Total:                122

shb_l.a: [5]
    exit.o                 20
    ----------------------------------------------------
    Total:                 20

    Gaps                    8                          2
    Linker created          8                16
--------------------------------------------------------
    Grand Total:       15 112       80    6 188    2 697


*******************************************************************************
*** ENTRY LIST
***

Entry                      Address   Size  Type      Object
-----                      -------   ----  ----      ------
.bss$$Base              0x1fff09cc          --   Gb  - Linker created -
.bss$$Limit             0x1fff0eec          --   Gb  - Linker created -
.data$$Base             0x1fff0410          --   Gb  - Linker created -
.data$$Limit            0x1fff097c          --   Gb  - Linker created -
.data_init$$Base        0x00002b40          --   Gb  - Linker created -
.data_init$$Limit       0x000030ac          --   Gb  - Linker created -
.iar.init_table$$Base   0x0000521c          --   Gb  - Linker created -
.iar.init_table$$Limit  0x0000522c          --   Gb  - Linker created -
?main                   0x00005249         Code  Gb  cmain.o [4]
ABDistance              0x1fff0c98    0x4  Data  Gb  GlobalVars.o [1]
AD                      0x1fff0a24   0x18  Data  Gb  GlobalVars.o [1]
ADCx                    0x1fff0410    0x8  Data  Gb  adc.o [1]
Angle                   0x1fff0ea0    0x2  Data  Gb  GlobalVars.o [1]
BluetoothISR            0x00004cd1   0x56  Code  Gb  isr.o [1]
CRC_CHECK               0x00001511   0x4a  Code  Gb  Misc.o [1]
CalcMembership          0x00001839   0x8e  Code  Gb  Misc.o [1]
Calc_Deviation_7Gear    0x0000161f   0x78  Code  Gb  Misc.o [1]
CodeRelocate$$Base      0x00004fb8          --   Gb  - Linker created -
CodeRelocate$$Limit     0x00005008          --   Gb  - Linker created -
CodeRelocateRam$$Base   0x1fff097c          --   Gb  - Linker created -
CodeRelocateRam$$Limit  0x1fff09cc          --   Gb  - Linker created -
CopyArray               0x00001697   0x3e  Code  Gb  Misc.o [1]
CurSpd                  0x1fff0e9c    0x2  Data  Gb  GlobalVars.o [1]
CurSpdTemp              0x1fff0e9a    0x2  Data  Gb  GlobalVars.o [1]
D                       0x1fff0eb8    0x2  Data  Gb  GlobalVars.o [1]
DirKeep                 0x1fff0eb4    0x2  Data  Gb  GlobalVars.o [1]
F14x16                  0x00003630  0x40c  Data  Gb  OLED.o [1]
F14x16_Idx              0x00005008   0x4c  Data  Gb  OLED.o [1]
F6x8                    0x000043e8  0x228  Data  Gb  OLED.o [1]
F8X16                   0x00002550  0x5f0  Data  Gb  OLED.o [1]
FTM1_QUAD_Iint          0x00003d67   0x62  Code  Gb  FTM.o [1]
FTM_PWM_init            0x00003a3d  0x32a  Code  Gb  FTM.o [1]
FTMx                    0x1fff0418    0xc  Data  Gb  FTM.o [1]
FindMax                 0x0000160f   0x10  Code  Gb  Misc.o [1]
FuzzyCtrl               0x00004121  0x12c  Code  Gb  FuzzyCtrl.o [1]
GPIOx                   0x1fff045c   0x14  Data  Gb  gpio.o [1]
GetData                 0x000014f3   0x1e  Code  Gb  Misc.o [1]
GetPosInfo              0x0000074b  0x87e  Code  Gb  Sensor.o [1]
InitActuator            0x0000468d   0x36  Code  Gb  InitAll.o [1]
InitAll                 0x00004611   0x34  Code  Gb  InitAll.o [1]
InitGlobalVars          0x00004835  0x1d4  Code  Gb  GlobalVars.o [1]
InitReedPipe            0x00004819   0x1a  Code  Gb  InitAll.o [1]
InitSensor              0x00004645   0x48  Code  Gb  InitAll.o [1]
InitUI                  0x00004759   0x8a  Code  Gb  InitAll.o [1]
InitUltraSound          0x000046c3   0x96  Code  Gb  InitAll.o [1]
Int2Char                0x00001c5d   0x2e  Code  Gb  Misc.o [1]
IsStop                  0x1fff0ee7    0x1  Data  Gb  GlobalVars.o [1]
KDv                     0x1fff0ca4    0x4  Data  Gb  GlobalVars.o [1]
KIv                     0x1fff0ca0    0x4  Data  Gb  GlobalVars.o [1]
KPv                     0x1fff0c9c    0x4  Data  Gb  GlobalVars.o [1]
Kd                      0x1fff0cac    0x4  Data  Gb  GlobalVars.o [1]
Kd1                     0x1fff04f0   0x64  Data  Gb  Misc.o [1]
Kd2                     0x1fff061c   0x64  Data  Gb  Misc.o [1]
Kd3                     0x1fff0748   0x64  Data  Gb  Misc.o [1]
Kd4                     0x1fff0874   0x64  Data  Gb  Misc.o [1]
KdTab                   0x1fff0b08   0x64  Data  Gb  GlobalVars.o [1]
Ki1                     0x1fff0ce0   0x64  Data  Gb  Misc.o [1]
Ki2                     0x1fff0d44   0x64  Data  Gb  Misc.o [1]
Ki3                     0x1fff0da8   0x64  Data  Gb  Misc.o [1]
Ki4                     0x1fff0e0c   0x64  Data  Gb  Misc.o [1]
KiTab                   0x1fff0aa4   0x64  Data  Gb  GlobalVars.o [1]
Kp                      0x1fff0ca8    0x4  Data  Gb  GlobalVars.o [1]
Kp1                     0x1fff048c   0x64  Data  Gb  Misc.o [1]
Kp2                     0x1fff05b8   0x64  Data  Gb  Misc.o [1]
Kp3                     0x1fff06e4   0x64  Data  Gb  Misc.o [1]
Kp4                     0x1fff0810   0x64  Data  Gb  Misc.o [1]
KpTab                   0x1fff0a40   0x64  Data  Gb  GlobalVars.o [1]
LCD_DLY_ms              0x00002013   0x1c  Code  Gb  OLED.o [1]
LCD_Fill                0x00001fd3   0x40  Code  Gb  OLED.o [1]
LCD_Init                0x0000202f  0x10e  Code  Gb  OLED.o [1]
LCD_P14x16Str           0x0000225d  0x136  Code  Gb  OLED.o [1]
LCD_P6x8Str             0x0000213d   0x7a  Code  Gb  OLED.o [1]
LCD_P8x16Str            0x000021b7   0xa6  Code  Gb  OLED.o [1]
LCD_Print               0x00002393   0x6a  Code  Gb  OLED.o [1]
LCD_Set_Pos             0x00001fab   0x28  Code  Gb  OLED.o [1]
LCD_WrCmd               0x00001f51   0x5a  Code  Gb  OLED.o [1]
LCD_WrDat               0x00001ef1   0x5e  Code  Gb  OLED.o [1]
Left                    0x1fff0ea6    0x2  Data  Gb  GlobalVars.o [1]
Left1                   0x1fff0e90    0x2  Data  Gb  GlobalVars.o [1]
Left1Max                0x1fff0954    0x2  Data  Gb  Sensor.o [1]
Left1st                 0x1fff0ec6    0x2  Data  Gb  GlobalVars.o [1]
Left2                   0x1fff0e92    0x2  Data  Gb  GlobalVars.o [1]
Left2Max                0x1fff0958    0x2  Data  Gb  Sensor.o [1]
Left2nd                 0x1fff0eca    0x2  Data  Gb  GlobalVars.o [1]
LeftKeep                0x1fff0eda    0x2  Data  Gb  GlobalVars.o [1]
LoadKdTab               0x00001771   0x4e  Code  Gb  Misc.o [1]
LoadKiTab               0x00001723   0x4e  Code  Gb  Misc.o [1]
LoadKpTab               0x000016d5   0x4e  Code  Gb  Misc.o [1]
LoadSpdTab              0x000017bf   0x4e  Code  Gb  Misc.o [1]
LoadTabs                0x0000180d   0x2c  Code  Gb  Misc.o [1]
Master_Adc_Config       0x1fff09cc   0x10  Data  Gb  adc.o [1]
Middle                  0x1fff0e98    0x2  Data  Gb  GlobalVars.o [1]
MiddleMax               0x1fff095a    0x2  Data  Gb  Sensor.o [1]
MotorDir                0x1fff0ee6    0x1  Data  Gb  GlobalVars.o [1]
OLED_page               0x1fff0cb4    0x4  Data  Gb  GlobalVars.o [1]
Off1                    0x1fff0e84    0x2  Data  Gb  GlobalVars.o [1]
Off2                    0x1fff0e86    0x2  Data  Gb  GlobalVars.o [1]
Offset                  0x1fff0e88    0x2  Data  Gb  GlobalVars.o [1]
OffsetBound             0x1fff0424   0x1c  Data  Gb  FuzzyCtrl.o [1]
OffsetDBound            0x1fff0440   0x1c  Data  Gb  FuzzyCtrl.o [1]
OffsetDMembership       0x1fff09f8   0x1c  Data  Gb  FuzzyCtrl.o [1]
OffsetKeep              0x1fff0eaa    0x2  Data  Gb  GlobalVars.o [1]
OffsetLeftKeep          0x1fff0eac    0x2  Data  Gb  GlobalVars.o [1]
OffsetMembership        0x1fff09dc   0x1c  Data  Gb  FuzzyCtrl.o [1]
OffsetMiddle            0x1fff0eb2    0x2  Data  Gb  GlobalVars.o [1]
OffsetRightKeep         0x1fff0eae    0x2  Data  Gb  GlobalVars.o [1]
Offset_I                0x1fff0eb0    0x2  Data  Gb  GlobalVars.o [1]
OutData                 0x1fff0e70    0x8  Data  Gb  Misc.o [1]
OutputData              0x0000155b   0xa6  Code  Gb  Misc.o [1]
P                       0x1fff0eb6    0x2  Data  Gb  GlobalVars.o [1]
PB                      0x1fff0c8c    0x8  Data  Gb  GlobalVars.o [1]
PIT2ISR                 0x00004e45    0x2  Code  Gb  isr.o [1]
PORTD_IRQHandler        0x00004d97   0x6e  Code  Gb  isr.o [1]
PORTX                   0x1fff0470   0x14  Data  Gb  gpio.o [1]
P_old                   0x1fff0bd0   0x78  Data  Gb  GlobalVars.o [1]
ReadAD                  0x0000044d  0x2fe  Code  Gb  Sensor.o [1]
ReedPipeISR             0x00004d5f   0x38  Code  Gb  isr.o [1]
Region$$Table$$Base     0x0000521c          --   Gb  - Linker created -
Region$$Table$$Limit    0x0000522c          --   Gb  - Linker created -
Reset_Handler           0x00000411         Code  Gb  crt0.o [1]
Right                   0x1fff0ea8    0x2  Data  Gb  GlobalVars.o [1]
Right1                  0x1fff0e94    0x2  Data  Gb  GlobalVars.o [1]
Right1Max               0x1fff0960    0x2  Data  Gb  Sensor.o [1]
Right1st                0x1fff0ec8    0x2  Data  Gb  GlobalVars.o [1]
Right2                  0x1fff0e96    0x2  Data  Gb  GlobalVars.o [1]
Right2Max               0x1fff095c    0x2  Data  Gb  Sensor.o [1]
Right2nd                0x1fff0ecc    0x2  Data  Gb  GlobalVars.o [1]
RightKeep               0x1fff0edc    0x2  Data  Gb  GlobalVars.o [1]
SamplingISR             0x00004c7d   0x54  Code  Gb  isr.o [1]
SetMotorSpeed           0x000014cf   0x24  Code  Gb  Misc.o [1]
SetSteerAngle           0x000014a1   0x2e  Code  Gb  Misc.o [1]
ShowLCD                 0x000018c7  0x2ae  Code  Gb  Misc.o [1]
Slope                   0x1fff0e8a    0x2  Data  Gb  GlobalVars.o [1]
Spd                     0x1fff0cb0    0x4  Data  Gb  GlobalVars.o [1]
Spd1                    0x1fff0554   0x64  Data  Gb  Misc.o [1]
Spd2                    0x1fff0680   0x64  Data  Gb  Misc.o [1]
Spd3                    0x1fff07ac   0x64  Data  Gb  Misc.o [1]
Spd4                    0x1fff08d8   0x64  Data  Gb  Misc.o [1]
SpdTab                  0x1fff0b6c   0x64  Data  Gb  GlobalVars.o [1]
SpeedCtrl               0x0000424d  0x12a  Code  Gb  FuzzyCtrl.o [1]
SpeedSet                0x1fff0e9e    0x2  Data  Gb  GlobalVars.o [1]
StartDelay              0x1fff0c48    0x4  Data  Gb  GlobalVars.o [1]
StopDelay               0x1fff0ea2    0x2  Data  Gb  GlobalVars.o [1]
Straight                0x1fff0ea4    0x2  Data  Gb  GlobalVars.o [1]
SysTimerISR             0x00004d27   0x38  Code  Gb  isr.o [1]
Tick                    0x1fff0a3c    0x4  Data  Gb  GlobalVars.o [1]
UARTx                   0x1fff0964   0x18  Data  Gb  uart.o [1]
Y1                      0x1fff0e8c    0x2  Data  Gb  GlobalVars.o [1]
Y1Max                   0x1fff0956    0x2  Data  Gb  Sensor.o [1]
Y2                      0x1fff0e8e    0x2  Data  Gb  GlobalVars.o [1]
Y2Max                   0x1fff095e    0x2  Data  Gb  Sensor.o [1]
__BOOT_STACK_ADDRESS {Abs}
                        0x2000fff8          --   Gb  command line/config [2]
__VECTOR_RAM {Abs}      0x1fff0000          --   Gb  command line/config [2]
__VECTOR_TABLE {Abs}    0x00000000          --   Gb  command line/config [2]
__cmain                 0x00005249         Code  Gb  cmain.o [4]
__exit                  0x00005279   0x14  Code  Gb  exit.o [5]
__iar_data_init3        0x000051f5   0x28  Code  Gb  data_init.o [4]
__iar_program_start     0x00005311         Code  Gb  cstartup_M.o [4]
__iar_zero_init3        0x0000147f   0x22  Code  Gb  zero_init3.o [4]
__low_level_init        0x00005263    0x4  Code  Gb  low_level_init.o [3]
__vector_table          0x00000000  0x410  Data  Gb  vectors.o [1]
_call_main              0x00005255         Code  Gb  cmain.o [4]
_exit                   0x0000526d         Code  Gb  cexit.o [4]
_main                   0x0000525f         Code  Gb  cmain.o [4]
abs                     0x00001601    0xe  Code  Gb  Misc.o [1]
ad_ave                  0x0000137d   0x74  Code  Gb  adc.o [1]
ad_once                 0x000012ff   0x7e  Code  Gb  adc.o [1]
adc_config_alt          0x00001459   0x26  Code  Lc  adc.o [1]
adc_init                0x000010c9  0x236  Code  Gb  adc.o [1]
adc_start               0x000013f1   0x48  Code  Gb  adc.o [1]
assert_failed           0x00001c8b    0x2  Code  Gb  assert.o [1]
bus_clk_khz             0x1fff0e80    0x4  Data  Gb  sysinit.o [1]
common_startup          0x00004e49   0xc0  Code  Gb  startup.o [1]
core_clk_khz            0x1fff0e78    0x4  Data  Gb  sysinit.o [1]
core_clk_mhz            0x1fff0e7c    0x4  Data  Gb  sysinit.o [1]
d_ramp                  0x1fff0ec0    0x2  Data  Gb  GlobalVars.o [1]
default_isr             0x0000522d   0x1c  Code  Gb  vectors.o [1]
dt_ramp                 0x1fff0ebe    0x2  Data  Gb  GlobalVars.o [1]
enable_irq              0x00004a7f   0x94  Code  Gb  arm_cm4.o [1]
exit                    0x00005267    0x4  Code  Gb  exit.o [3]
exti_init               0x00004bad   0xd0  Code  Gb  exti.o [1]
flag_ramp               0x1fff0eba    0x2  Data  Gb  GlobalVars.o [1]
gpio_get                0x0000251d   0x28  Code  Gb  gpio.o [1]
gpio_init               0x0000240d   0xb6  Code  Gb  gpio.o [1]
gpio_set                0x000024c3   0x5a  Code  Gb  gpio.o [1]
main                    0x00004f65   0x54  Code  Gb  main.o [1]
max                     0x1fff093c   0x18  Data  Gb  Sensor.o [1]
mcg_div                 0x1fff0484    0x8  Data  Gb  mcg.o [1]
out_char                0x000052c5   0x10  Code  Gb  io.o [1]
pit_init                0x00004a09   0x62  Code  Gb  PIT.o [1]
pll_init                0x00003e2d  0x2f4  Code  Gb  mcg.o [1]
posBak                  0x1fff0ee4    0x2  Data  Gb  GlobalVars.o [1]
posBakKeep              0x1fff0ee2    0x2  Data  Gb  GlobalVars.o [1]
posBak_DevidePoints     0x1fff0c6c   0x10  Data  Gb  GlobalVars.o [1]
posBak_TargetAngle      0x1fff0c7c   0x10  Data  Gb  GlobalVars.o [1]
posBak_test             0x1fff0ee0    0x2  Data  Gb  GlobalVars.o [1]
posDv1                  0x1fff0ece    0x2  Data  Gb  GlobalVars.o [1]
posDv2                  0x1fff0ed0    0x2  Data  Gb  GlobalVars.o [1]
posDvtest               0x1fff0ed2    0x2  Data  Gb  GlobalVars.o [1]
posKeep                 0x1fff0ed8    0x2  Data  Gb  GlobalVars.o [1]
posLoc                  0x1fff0ed6    0x2  Data  Gb  GlobalVars.o [1]
pos_DevidePoints        0x1fff0c4c   0x10  Data  Gb  GlobalVars.o [1]
pos_I                   0x1fff0ede    0x2  Data  Gb  GlobalVars.o [1]
pos_TargetAngle         0x1fff0c5c   0x10  Data  Gb  GlobalVars.o [1]
pos_test                0x1fff0ed4    0x2  Data  Gb  GlobalVars.o [1]
printf                  0x000035e7   0x26  Code  Gb  printf.o [1]
printk                  0x000031d5  0x412  Code  Gb  printf.o [1]
printk_mknumstr         0x000030df   0xaa  Code  Lc  printf.o [1]
printk_pad_space        0x000031af   0x26  Code  Lc  printf.o [1]
printk_pad_zero         0x00003189   0x26  Code  Lc  printf.o [1]
printk_putc             0x000030ad   0x32  Code  Lc  printf.o [1]
ramp                    0x1fff0ec4    0x2  Data  Gb  GlobalVars.o [1]
set_irq_priority        0x00004b13   0x2a  Code  Gb  arm_cm4.o [1]
set_sys_dividers        0x1fff097d   0x50  Code  Gb  mcg.o [1]
start                   0x000052a1   0x14  Code  Gb  start.o [1]
strlen                  0x00003611   0x20  Code  Gb  stdlib.o [1]
sysinit                 0x00004f09   0x48  Code  Gb  sysinit.o [1]
t_ramp                  0x1fff0ebc    0x2  Data  Gb  GlobalVars.o [1]
t_ramp_delay            0x1fff0ec2    0x2  Data  Gb  GlobalVars.o [1]
test                    0x1fff0cb8   0x28  Data  Gb  GlobalVars.o [1]
time_delay_ms           0x00004b69   0x32  Code  Gb  lptmr.o [1]
uart_init               0x00001c8d  0x1ac  Code  Gb  uart.o [1]
uart_pendchar           0x00001e39   0x30  Code  Gb  uart.o [1]
uart_pendstr            0x00001e69   0x28  Code  Gb  uart.o [1]
uart_putchar            0x00001e91   0x1a  Code  Gb  uart.o [1]
ultraSoundTime          0x1fff0c94    0x4  Data  Gb  GlobalVars.o [1]
wdog_disable            0x00005109   0x16  Code  Gb  wdog.o [1]
wdog_unlock             0x00005121   0x16  Code  Gb  wdog.o [1]
write_vtor              0x00004a79    0x6  Code  Gb  arm_cm4.o [1]


[1] = E:\GitHub\PointRace\build\SmartCar\Debug\Obj
[2] = command line
[3] = dl7M_tln.a
[4] = rt7M_tl.a
[5] = shb_l.a

  15 112 bytes of readonly  code memory
      80 bytes of readwrite code memory
   6 188 bytes of readonly  data memory
   2 697 bytes of readwrite data memory

Errors: none
Warnings: none
